\BOOKMARK [1][-]{section.1}{\376\377\000I\000n\000t\000r\000o\000d\000u\000c\000t\000i\000o\000n}{}% 1
\BOOKMARK [1][-]{section.2}{\376\377\000G\000u\000i\000d\000e\000l\000i\000n\000e\000s\000\040\000f\000o\000r\000\040\000M\000a\000n\000u\000s\000c\000r\000i\000p\000t\000\040\000P\000r\000e\000p\000a\000r\000a\000t\000i\000o\000n}{}% 2
\BOOKMARK [1][-]{section.3}{\376\377\000M\000a\000t\000h}{}% 3
\BOOKMARK [1][-]{section.4}{\376\377\000U\000n\000i\000t\000s}{}% 4
\BOOKMARK [1][-]{section.5}{\376\377\000S\000o\000m\000e\000\040\000C\000o\000m\000m\000o\000n\000\040\000M\000i\000s\000t\000a\000k\000e\000s}{}% 5
\BOOKMARK [1][-]{section.6}{\376\377\000G\000u\000i\000d\000e\000l\000i\000n\000e\000s\000\040\000F\000o\000r\000\040\000G\000r\000a\000p\000h\000i\000c\000s\000\040\000P\000r\000e\000p\000a\000r\000a\000t\000i\000o\000n\000\040\000a\000n\000d\000\040\000S\000u\000b\000m\000i\000s\000s\000i\000o\000n}{}% 6
\BOOKMARK [1][-]{section.7}{\376\377\000C\000o\000n\000c\000l\000u\000s\000i\000o\000n}{}% 7
\BOOKMARK [2][-]{subsection.7.1}{\376\377\000R\000e\000f\000e\000r\000e\000n\000c\000e\000s}{section.7}% 8
\BOOKMARK [2][-]{subsection.7.2}{\376\377\000F\000o\000o\000t\000n\000o\000t\000e\000s}{section.7}% 9
\BOOKMARK [1][-]{section.8}{\376\377\000S\000u\000b\000m\000i\000t\000t\000i\000n\000g\000\040\000Y\000o\000u\000r\000\040\000P\000a\000p\000e\000r\000\040\000f\000o\000r\000\040\000R\000e\000v\000i\000e\000w}{}% 10
\BOOKMARK [1][-]{section.9}{\376\377\000I\000E\000E\000E\000\040\000P\000u\000b\000l\000i\000s\000h\000i\000n\000g\000\040\000P\000o\000l\000i\000c\000y}{}% 11
\BOOKMARK [1][-]{section.10}{\376\377\000P\000u\000b\000l\000i\000c\000a\000t\000i\000o\000n\000\040\000P\000r\000i\000n\000c\000i\000p\000l\000e\000s}{}% 12
\BOOKMARK [1][-]{section*.6}{}{}% 13
\BOOKMARK [1][-]{section*.8}{}{}% 14
\BOOKMARK [1][-]{section*.10}{}{}% 15
\BOOKMARK [1][-]{section*.12}{}{}% 16
\BOOKMARK [1][-]{section*.14}{}{}% 17
\BOOKMARK [1][-]{section*.16}{}{}% 18
\BOOKMARK [1][-]{section*.18}{}{}% 19
\BOOKMARK [1][-]{section*.20}{}{}% 20
\BOOKMARK [1][-]{section*.22}{}{}% 21
\BOOKMARK [1][-]{section*.24}{}{}% 22
\BOOKMARK [1][-]{section*.26}{}{}% 23
\BOOKMARK [1][-]{section*.28}{}{}% 24
\BOOKMARK [1][-]{section*.30}{}{}% 25
\BOOKMARK [1][-]{section*.32}{}{}% 26
\BOOKMARK [1][-]{section*.34}{}{}% 27
\BOOKMARK [1][-]{section*.36}{}{}% 28
\BOOKMARK [1][-]{section*.38}{}{}% 29
\BOOKMARK [1][-]{section*.40}{}{}% 30
\BOOKMARK [1][-]{section*.42}{}{}% 31
\BOOKMARK [1][-]{section*.44}{}{}% 32
\BOOKMARK [1][-]{section*.46}{}{}% 33
\BOOKMARK [1][-]{section*.48}{}{}% 34
\BOOKMARK [1][-]{section*.50}{}{}% 35
\BOOKMARK [1][-]{section*.52}{}{}% 36
\BOOKMARK [1][-]{section*.54}{}{}% 37
\BOOKMARK [1][-]{section*.56}{}{}% 38
\BOOKMARK [1][-]{section*.58}{}{}% 39
\BOOKMARK [1][-]{section*.60}{}{}% 40
\BOOKMARK [1][-]{section*.62}{}{}% 41
\BOOKMARK [1][-]{section*.64}{}{}% 42
\BOOKMARK [1][-]{section*.66}{}{}% 43
\BOOKMARK [1][-]{section*.68}{}{}% 44
\BOOKMARK [1][-]{section*.70}{}{}% 45
\BOOKMARK [1][-]{IEEEbiography.0}{\376\377\000B\000i\000o\000g\000r\000a\000p\000h\000i\000e\000s}{}% 46
\BOOKMARK [2][-]{IEEEbiography.1}{\376\377\000F\000i\000r\000s\000t\000\040\000A\000.\000\040\000A\000u\000t\000h\000o\000r}{IEEEbiography.0}% 47
\BOOKMARK [2][-]{IEEEbiography.2}{\376\377\000S\000e\000c\000o\000n\000d\000\040\000B\000.\000\040\000A\000u\000t\000h\000o\000r}{IEEEbiography.0}% 48
\BOOKMARK [2][-]{IEEEbiography.3}{\376\377\000T\000h\000i\000r\000d\000\040\000C\000.\000\040\000A\000u\000t\000h\000o\000r\000,\000\040\000J\000r\000.}{IEEEbiography.0}% 49
